2025-01-04 18:40:21,119 - DEBUG - Using proactor: IocpProactor
2025-01-04 18:40:21,120 - INFO - Bot is starting...
2025-01-04 18:40:21,809 - INFO - Start polling
2025-01-04 18:40:22,002 - INFO - Run polling for bot @stellartradingbottest_bot id=8103083020 - 'stellartradingbottest'
2025-01-04 18:40:32,622 - INFO - Update id=339622511 is handled. Duration 798 ms by bot id=8103083020
2025-01-04 18:40:35,857 - INFO - Update id=339622512 is handled. Duration 344 ms by bot id=8103083020
2025-01-04 18:40:57,461 - DEBUG - Starting new HTTPS connection (1): horizon-testnet.stellar.org:443
2025-01-04 18:40:58,045 - DEBUG - https://horizon-testnet.stellar.org:443 "GET /accounts/GDU2AXFKSS7MQ5LTHA56AHC2P33VGVXVZCXLZPZWPFCS2GX5B65YSTZO HTTP/1.1" 200 631
2025-01-04 18:40:58,396 - INFO - Update id=339622513 is handled. Duration 935 ms by bot id=8103083020
2025-01-04 18:41:06,850 - INFO - Update id=339622514 is not handled. Duration 0 ms by bot id=8103083020
2025-01-04 18:41:31,326 - INFO - Update id=339622515 is handled. Duration 343 ms by bot id=8103083020
2025-01-04 18:42:02,008 - INFO - Polling stopped
2025-01-04 18:42:02,259 - INFO - Bot shutdown complete.
2025-01-04 18:42:02,260 - INFO - Polling stopped for bot @stellartradingbottest_bot id=8103083020 - 'stellartradingbottest'
2025-01-04 18:44:41,810 - DEBUG - Using proactor: IocpProactor
2025-01-04 18:44:41,811 - INFO - Bot is starting...
2025-01-04 18:44:42,549 - INFO - Start polling
2025-01-04 18:44:42,726 - INFO - Run polling for bot @stellartradingbottest_bot id=8103083020 - 'stellartradingbottest'
2025-01-04 18:45:06,245 - INFO - Update id=339622516 is handled. Duration 734 ms by bot id=8103083020
2025-01-04 18:45:14,186 - INFO - Update id=339622517 is handled. Duration 335 ms by bot id=8103083020
2025-01-04 18:45:29,450 - INFO - Polling stopped
2025-01-04 18:45:29,708 - INFO - Polling was cancelled.
2025-01-04 18:45:29,709 - INFO - Bot shutdown complete.
2025-01-04 18:45:29,709 - INFO - Polling stopped for bot @stellartradingbottest_bot id=8103083020 - 'stellartradingbottest'
2025-01-04 19:08:36,934 - DEBUG - Using proactor: IocpProactor
2025-01-04 19:08:36,935 - INFO - Bot is starting...
2025-01-04 19:08:37,575 - INFO - Start polling
2025-01-04 19:08:37,764 - INFO - Run polling for bot @stellartradingbottest_bot id=8103083020 - 'stellartradingbottest'
2025-01-04 19:08:47,135 - INFO - Update id=339622518 is handled. Duration 709 ms by bot id=8103083020
2025-01-04 19:09:02,163 - INFO - Update id=339622519 is handled. Duration 326 ms by bot id=8103083020
2025-01-04 19:09:14,475 - ERROR - Error in /verify: TransactionBuilder.append_manage_data_op() got an unexpected keyword argument 'key'
2025-01-04 19:09:14,841 - INFO - Update id=339622520 is handled. Duration 367 ms by bot id=8103083020
2025-01-04 19:09:31,388 - INFO - Update id=339622521 is handled. Duration 315 ms by bot id=8103083020
2025-01-04 19:09:48,783 - ERROR - Error in /verify: TransactionBuilder.append_manage_data_op() got an unexpected keyword argument 'key'
2025-01-04 19:09:49,098 - INFO - Update id=339622522 is handled. Duration 315 ms by bot id=8103083020
2025-01-04 19:09:56,519 - INFO - Update id=339622523 is not handled. Duration 0 ms by bot id=8103083020
2025-01-04 19:10:05,272 - INFO - Update id=339622524 is not handled. Duration 0 ms by bot id=8103083020
2025-01-04 19:10:22,870 - INFO - Update id=339622525 is handled. Duration 342 ms by bot id=8103083020
2025-01-04 19:10:28,473 - INFO - Polling stopped
2025-01-04 19:10:28,733 - INFO - Polling was cancelled.
2025-01-04 19:10:28,734 - INFO - Bot shutdown complete.
2025-01-04 19:10:28,735 - INFO - Polling stopped for bot @stellartradingbottest_bot id=8103083020 - 'stellartradingbottest'
2025-01-04 19:11:03,545 - DEBUG - Using proactor: IocpProactor
2025-01-04 19:11:03,546 - INFO - Bot is starting...
2025-01-04 19:11:04,632 - INFO - Start polling
2025-01-04 19:11:04,821 - INFO - Run polling for bot @stellartradingbottest_bot id=8103083020 - 'stellartradingbottest'
2025-01-04 19:11:25,454 - ERROR - Error in /verify: TransactionBuilder.append_manage_data_op() got an unexpected keyword argument 'key'
2025-01-04 19:11:26,160 - INFO - Update id=339622526 is handled. Duration 707 ms by bot id=8103083020
2025-01-04 19:11:34,307 - INFO - Polling stopped
2025-01-04 19:11:34,574 - INFO - Polling was cancelled.
2025-01-04 19:11:34,575 - INFO - Bot shutdown complete.
2025-01-04 19:11:34,575 - INFO - Polling stopped for bot @stellartradingbottest_bot id=8103083020 - 'stellartradingbottest'
2025-01-04 19:46:29,841 - DEBUG - Using proactor: IocpProactor
2025-01-04 19:46:29,843 - INFO - Bot is starting...
2025-01-04 19:46:30,606 - INFO - Start polling
2025-01-04 19:46:30,811 - INFO - Run polling for bot @stellartradingbottest_bot id=8103083020 - 'stellartradingbottest'
2025-01-04 19:46:49,658 - ERROR - Error in /verify: 'str' object has no attribute 'account'
2025-01-04 19:46:50,513 - INFO - Update id=339622527 is handled. Duration 855 ms by bot id=8103083020
2025-01-04 19:47:29,840 - INFO - Polling stopped
2025-01-04 19:47:30,095 - INFO - Polling was cancelled.
2025-01-04 19:47:30,097 - INFO - Bot shutdown complete.
2025-01-04 19:47:30,098 - INFO - Polling stopped for bot @stellartradingbottest_bot id=8103083020 - 'stellartradingbottest'
2025-01-04 20:03:26,341 - DEBUG - Using proactor: IocpProactor
2025-01-04 20:03:26,342 - INFO - Bot is starting...
2025-01-04 20:03:27,084 - INFO - Start polling
2025-01-04 20:03:27,312 - INFO - Run polling for bot @stellartradingbottest_bot id=8103083020 - 'stellartradingbottest'
2025-01-04 20:03:39,692 - INFO - Update id=339622528 is handled. Duration 790 ms by bot id=8103083020
2025-01-04 20:03:54,379 - DEBUG - Starting new HTTPS connection (1): horizon-testnet.stellar.org:443
2025-01-04 20:03:55,074 - DEBUG - https://horizon-testnet.stellar.org:443 "GET /accounts/GDRUUAVLTLEF2IFPK724FS24Z3ZVX33NLPEZTSRGXXH42FME277CKOPZ HTTP/1.1" 404 322
2025-01-04 20:03:55,076 - ERROR - Error in /verify: <Response [status_code=404, text={
  "type": "https://stellar.org/horizon-errors/not_found",
  "title": "Resource Missing",
  "status": 404,
  "detail": "The resource at the url requested was not found.  This usually occurs for one of two reasons:  The url requested is not valid, or no data in our database could be found with the parameters provided."
}, headers={'Date': 'Sun, 05 Jan 2025 04:03:55 GMT', 'Content-Type': 'application/problem+json; charset=utf-8', 'Content-Length': '322', 'Connection': 'keep-alive', 'Cache-Control': 'no-cache, no-store, max-age=0', 'Latest-Ledger': '439316', 'Vary': 'Origin'}, url=https://horizon-testnet.stellar.org/accounts/GDRUUAVLTLEF2IFPK724FS24Z3ZVX33NLPEZTSRGXXH42FME277CKOPZ]>
2025-01-04 20:03:55,431 - INFO - Update id=339622529 is handled. Duration 1053 ms by bot id=8103083020
2025-01-04 20:05:40,493 - DEBUG - Resetting dropped connection: horizon-testnet.stellar.org
2025-01-04 20:05:41,437 - DEBUG - https://horizon-testnet.stellar.org:443 "GET /accounts/GDFNDBTN6PSOSABUSYCAIQFEYMTE5EZCO6OD6MHF4AIZZUHAW6XDA3ZN HTTP/1.1" 404 322
2025-01-04 20:05:41,439 - ERROR - Error in /verify: <Response [status_code=404, text={
  "type": "https://stellar.org/horizon-errors/not_found",
  "title": "Resource Missing",
  "status": 404,
  "detail": "The resource at the url requested was not found.  This usually occurs for one of two reasons:  The url requested is not valid, or no data in our database could be found with the parameters provided."
}, headers={'Date': 'Sun, 05 Jan 2025 04:05:41 GMT', 'Content-Type': 'application/problem+json; charset=utf-8', 'Content-Length': '322', 'Connection': 'keep-alive', 'Cache-Control': 'no-cache, no-store, max-age=0', 'Latest-Ledger': '439337', 'Vary': 'Origin'}, url=https://horizon-testnet.stellar.org/accounts/GDFNDBTN6PSOSABUSYCAIQFEYMTE5EZCO6OD6MHF4AIZZUHAW6XDA3ZN]>
2025-01-04 20:05:41,819 - INFO - Update id=339622530 is handled. Duration 1328 ms by bot id=8103083020
2025-01-04 20:11:14,354 - INFO - Polling stopped
2025-01-04 20:11:14,613 - INFO - Polling was cancelled.
2025-01-04 20:11:14,615 - INFO - Bot shutdown complete.
2025-01-04 20:11:14,617 - INFO - Polling stopped for bot @stellartradingbottest_bot id=8103083020 - 'stellartradingbottest'
2025-01-04 20:18:54,419 - DEBUG - Using proactor: IocpProactor
2025-01-04 20:18:54,421 - INFO - Bot is starting...
2025-01-04 20:18:55,113 - INFO - Start polling
2025-01-04 20:18:55,306 - INFO - Run polling for bot @stellartradingbottest_bot id=8103083020 - 'stellartradingbottest'
2025-01-04 20:19:07,653 - INFO - Update id=339622531 is handled. Duration 714 ms by bot id=8103083020
2025-01-04 20:19:30,246 - DEBUG - Starting new HTTPS connection (1): horizon-testnet.stellar.org:443
2025-01-04 20:19:30,752 - DEBUG - https://horizon-testnet.stellar.org:443 "GET /accounts/GAYDWQQVNE77V4GJEPBEWUGJRGFRBWO7VPC444G5WLGGPM7D72MIM2LH HTTP/1.1" 404 322
2025-01-04 20:19:30,754 - ERROR - Error in /verify: <Response [status_code=404, text={
  "type": "https://stellar.org/horizon-errors/not_found",
  "title": "Resource Missing",
  "status": 404,
  "detail": "The resource at the url requested was not found.  This usually occurs for one of two reasons:  The url requested is not valid, or no data in our database could be found with the parameters provided."
}, headers={'Date': 'Sun, 05 Jan 2025 04:19:30 GMT', 'Content-Type': 'application/problem+json; charset=utf-8', 'Content-Length': '322', 'Connection': 'keep-alive', 'Cache-Control': 'no-cache, no-store, max-age=0', 'Latest-Ledger': '439503', 'Vary': 'Origin'}, url=https://horizon-testnet.stellar.org/accounts/GAYDWQQVNE77V4GJEPBEWUGJRGFRBWO7VPC444G5WLGGPM7D72MIM2LH]>
2025-01-04 20:19:31,085 - INFO - Update id=339622532 is handled. Duration 842 ms by bot id=8103083020
2025-01-04 20:23:47,322 - INFO - Polling stopped
2025-01-04 20:23:47,582 - INFO - Polling was cancelled.
2025-01-04 20:23:47,584 - INFO - Bot shutdown complete.
2025-01-04 20:23:47,585 - INFO - Polling stopped for bot @stellartradingbottest_bot id=8103083020 - 'stellartradingbottest'
2025-01-04 20:24:11,004 - DEBUG - Using proactor: IocpProactor
2025-01-04 20:24:11,005 - INFO - Bot is starting...
2025-01-04 20:24:11,666 - INFO - Start polling
2025-01-04 20:24:11,937 - INFO - Run polling for bot @stellartradingbottest_bot id=8103083020 - 'stellartradingbottest'
2025-01-04 20:24:24,274 - INFO - Update id=339622533 is handled. Duration 856 ms by bot id=8103083020
2025-01-04 20:24:36,238 - DEBUG - Starting new HTTPS connection (1): horizon-testnet.stellar.org:443
2025-01-04 20:24:36,748 - DEBUG - https://horizon-testnet.stellar.org:443 "GET /accounts/GAMYT7VVHZPNQWLIYVTHA3QN2G5XZ3VGASJHREMZSCAPO26APWADKREC HTTP/1.1" 200 607
2025-01-04 20:24:37,072 - INFO - Update id=339622534 is handled. Duration 835 ms by bot id=8103083020
2025-01-04 20:30:46,761 - INFO - Update id=339622535 is handled. Duration 357 ms by bot id=8103083020
2025-01-04 20:33:29,649 - INFO - Update id=339622536 is not handled. Duration 0 ms by bot id=8103083020
2025-01-04 20:33:52,591 - ERROR - Error in /verify_signed: 'TransactionEnvelope' object has no attribute 'source'
2025-01-04 20:33:52,948 - INFO - Update id=339622537 is handled. Duration 358 ms by bot id=8103083020
2025-01-04 20:37:38,623 - INFO - Polling stopped
2025-01-04 20:37:38,880 - INFO - Polling was cancelled.
2025-01-04 20:37:38,880 - INFO - Bot shutdown complete.
2025-01-04 20:37:38,881 - INFO - Polling stopped for bot @stellartradingbottest_bot id=8103083020 - 'stellartradingbottest'
2025-01-04 20:37:49,505 - DEBUG - Using proactor: IocpProactor
2025-01-04 20:37:49,506 - INFO - Bot is starting...
2025-01-04 20:37:50,301 - INFO - Start polling
2025-01-04 20:37:50,522 - INFO - Run polling for bot @stellartradingbottest_bot id=8103083020 - 'stellartradingbottest'
2025-01-04 20:38:16,120 - DEBUG - Starting new HTTPS connection (1): horizon-testnet.stellar.org:443
2025-01-04 20:38:16,918 - DEBUG - https://horizon-testnet.stellar.org:443 "GET /accounts/GAMYT7VVHZPNQWLIYVTHA3QN2G5XZ3VGASJHREMZSCAPO26APWADKREC HTTP/1.1" 200 607
2025-01-04 20:38:17,711 - INFO - Update id=339622538 is handled. Duration 1593 ms by bot id=8103083020
2025-01-04 20:39:09,753 - INFO - Update id=339622539 is handled. Duration 387 ms by bot id=8103083020
2025-01-04 20:45:11,015 - INFO - Polling stopped
2025-01-04 20:45:11,271 - INFO - Polling was cancelled.
2025-01-04 20:45:11,272 - INFO - Bot shutdown complete.
2025-01-04 20:45:11,274 - INFO - Polling stopped for bot @stellartradingbottest_bot id=8103083020 - 'stellartradingbottest'
2025-01-04 20:45:21,574 - DEBUG - Using proactor: IocpProactor
2025-01-04 20:45:21,575 - INFO - Bot is starting...
2025-01-04 20:45:22,281 - INFO - Start polling
2025-01-04 20:45:22,485 - INFO - Run polling for bot @stellartradingbottest_bot id=8103083020 - 'stellartradingbottest'
2025-01-04 20:45:29,651 - INFO - Update id=339622540 is handled. Duration 731 ms by bot id=8103083020
2025-01-04 20:45:46,836 - DEBUG - Starting new HTTPS connection (1): horizon-testnet.stellar.org:443
2025-01-04 20:45:47,367 - DEBUG - https://horizon-testnet.stellar.org:443 "GET /accounts/GAMYT7VVHZPNQWLIYVTHA3QN2G5XZ3VGASJHREMZSCAPO26APWADKREC HTTP/1.1" 200 607
2025-01-04 20:45:47,715 - INFO - Update id=339622541 is handled. Duration 879 ms by bot id=8103083020
2025-01-04 20:46:33,755 - INFO - Update id=339622542 is handled. Duration 352 ms by bot id=8103083020
2025-01-04 20:47:41,611 - INFO - Polling stopped
2025-01-04 20:47:41,865 - INFO - Polling was cancelled.
2025-01-04 20:47:41,867 - INFO - Bot shutdown complete.
2025-01-04 20:47:41,868 - INFO - Polling stopped for bot @stellartradingbottest_bot id=8103083020 - 'stellartradingbottest'
2025-01-06 20:40:12,043 - DEBUG - Using proactor: IocpProactor
2025-01-06 20:40:12,046 - INFO - Bot is starting...
2025-01-06 20:40:12,832 - INFO - Start polling
2025-01-06 20:40:13,141 - INFO - Run polling for bot @stellartradingbottest_bot id=8103083020 - 'stellartradingbottest'
2025-01-06 20:40:51,249 - DEBUG - Starting new HTTPS connection (1): horizon-testnet.stellar.org:443
2025-01-06 20:40:51,827 - DEBUG - https://horizon-testnet.stellar.org:443 "GET /accounts/GAMYT7VVHZPNQWLIYVTHA3QN2G5XZ3VGASJHREMZSCAPO26APWADKREC HTTP/1.1" 200 607
2025-01-06 20:40:52,604 - INFO - Update id=339622543 is handled. Duration 1369 ms by bot id=8103083020
2025-01-06 20:42:14,365 - INFO - Update id=339622544 is handled. Duration 331 ms by bot id=8103083020
2025-01-06 20:46:13,287 - INFO - Polling stopped
2025-01-06 20:46:13,541 - INFO - Polling was cancelled.
2025-01-06 20:46:13,542 - INFO - Bot shutdown complete.
2025-01-06 20:46:13,544 - INFO - Polling stopped for bot @stellartradingbottest_bot id=8103083020 - 'stellartradingbottest'
2025-01-06 20:46:39,699 - DEBUG - Using proactor: IocpProactor
2025-01-06 20:46:39,700 - INFO - Bot is starting...
2025-01-06 20:46:40,463 - INFO - Start polling
2025-01-06 20:46:40,744 - INFO - Run polling for bot @stellartradingbottest_bot id=8103083020 - 'stellartradingbottest'
2025-01-06 20:47:05,244 - DEBUG - Starting new HTTPS connection (1): horizon-testnet.stellar.org:443
2025-01-06 20:47:05,923 - DEBUG - https://horizon-testnet.stellar.org:443 "GET /accounts/GAMYT7VVHZPNQWLIYVTHA3QN2G5XZ3VGASJHREMZSCAPO26APWADKREC HTTP/1.1" 200 607
2025-01-06 20:47:06,740 - INFO - Update id=339622545 is handled. Duration 1499 ms by bot id=8103083020
2025-01-06 20:50:14,919 - INFO - Update id=339622546 is handled. Duration 324 ms by bot id=8103083020
2025-01-06 20:55:27,893 - INFO - Polling stopped
2025-01-06 20:55:28,151 - INFO - Polling was cancelled.
2025-01-06 20:55:28,153 - INFO - Bot shutdown complete.
2025-01-06 20:55:28,156 - INFO - Polling stopped for bot @stellartradingbottest_bot id=8103083020 - 'stellartradingbottest'
2025-01-06 20:55:44,730 - DEBUG - Using proactor: IocpProactor
2025-01-06 20:55:44,731 - INFO - Bot is starting...
2025-01-06 20:55:45,432 - INFO - Start polling
2025-01-06 20:55:45,662 - INFO - Run polling for bot @stellartradingbottest_bot id=8103083020 - 'stellartradingbottest'
2025-01-06 20:56:14,687 - DEBUG - Starting new HTTPS connection (1): horizon-testnet.stellar.org:443
2025-01-06 20:56:15,351 - DEBUG - https://horizon-testnet.stellar.org:443 "GET /accounts/GAMYT7VVHZPNQWLIYVTHA3QN2G5XZ3VGASJHREMZSCAPO26APWADKREC HTTP/1.1" 200 607
2025-01-06 20:56:16,211 - INFO - Update id=339622547 is handled. Duration 1526 ms by bot id=8103083020
2025-01-06 20:57:08,841 - INFO - Challenge Transaction Source: GAMYT7VVHZPNQWLIYVTHA3QN2G5XZ3VGASJHREMZSCAPO26APWADKREC
2025-01-06 20:57:08,841 - INFO - Signed Transaction Source: GAMYT7VVHZPNQWLIYVTHA3QN2G5XZ3VGASJHREMZSCAPO26APWADKREC
2025-01-06 20:57:08,843 - INFO - Challenge Operations: [<ManageData [data_name=web_auth_domain, data_value=b'stellar.org', source=None]>, <ManageData [data_name=client_domain, data_value=b'test_client', source=None]>]
2025-01-06 20:57:08,843 - INFO - Signed Operations: [<ManageData [data_name=web_auth_domain, data_value=b'stellar.org', source=None]>, <ManageData [data_name=client_domain, data_value=b'test_client', source=None]>]
2025-01-06 20:57:08,844 - ERROR - User signature verification failed.
2025-01-06 20:57:09,192 - INFO - Update id=339622548 is handled. Duration 351 ms by bot id=8103083020
2025-01-06 21:01:58,260 - INFO - Polling stopped
2025-01-06 21:01:58,521 - INFO - Polling was cancelled.
2025-01-06 21:01:58,522 - INFO - Bot shutdown complete.
2025-01-06 21:01:58,524 - INFO - Polling stopped for bot @stellartradingbottest_bot id=8103083020 - 'stellartradingbottest'
2025-01-06 21:22:42,124 - DEBUG - Using proactor: IocpProactor
2025-01-06 21:22:42,126 - INFO - Bot is starting...
2025-01-06 21:22:42,784 - INFO - Start polling
2025-01-06 21:22:42,978 - INFO - Run polling for bot @stellartradingbottest_bot id=8103083020 - 'stellartradingbottest'
2025-01-06 21:23:19,529 - DEBUG - Starting new HTTPS connection (1): horizon-testnet.stellar.org:443
2025-01-06 21:23:20,049 - DEBUG - https://horizon-testnet.stellar.org:443 "GET /accounts/GAMYT7VVHZPNQWLIYVTHA3QN2G5XZ3VGASJHREMZSCAPO26APWADKREC HTTP/1.1" 200 607
2025-01-06 21:23:20,050 - ERROR - Error in /verify: TransactionEnvelope.__init__() got an unexpected keyword argument 'source_account'
2025-01-06 21:23:20,782 - INFO - Update id=339622549 is handled. Duration 1254 ms by bot id=8103083020
2025-01-06 21:26:01,179 - INFO - Polling stopped
2025-01-06 21:26:01,434 - INFO - Polling was cancelled.
2025-01-06 21:26:01,435 - INFO - Bot shutdown complete.
2025-01-06 21:26:01,437 - INFO - Polling stopped for bot @stellartradingbottest_bot id=8103083020 - 'stellartradingbottest'
2025-01-06 21:26:14,854 - DEBUG - Using proactor: IocpProactor
2025-01-06 21:26:14,855 - INFO - Bot is starting...
2025-01-06 21:26:15,565 - INFO - Start polling
2025-01-06 21:26:15,786 - INFO - Run polling for bot @stellartradingbottest_bot id=8103083020 - 'stellartradingbottest'
2025-01-06 21:26:30,679 - DEBUG - Starting new HTTPS connection (1): horizon-testnet.stellar.org:443
2025-01-06 21:26:31,190 - DEBUG - https://horizon-testnet.stellar.org:443 "GET /accounts/GAMYT7VVHZPNQWLIYVTHA3QN2G5XZ3VGASJHREMZSCAPO26APWADKREC HTTP/1.1" 200 607
2025-01-06 21:26:31,982 - INFO - Update id=339622550 is handled. Duration 1303 ms by bot id=8103083020
2025-01-06 21:27:18,217 - ERROR - Error in /verify_signed: 'Transaction' object has no attribute 'hash'
2025-01-06 21:27:18,542 - INFO - Update id=339622551 is handled. Duration 325 ms by bot id=8103083020
2025-01-06 21:29:32,479 - INFO - Polling stopped
2025-01-06 21:29:32,739 - INFO - Polling was cancelled.
2025-01-06 21:29:32,740 - INFO - Bot shutdown complete.
2025-01-06 21:29:32,742 - INFO - Polling stopped for bot @stellartradingbottest_bot id=8103083020 - 'stellartradingbottest'
2025-01-06 21:29:49,549 - DEBUG - Using proactor: IocpProactor
2025-01-06 21:29:49,550 - INFO - Bot is starting...
2025-01-06 21:29:50,278 - INFO - Start polling
2025-01-06 21:29:50,501 - INFO - Run polling for bot @stellartradingbottest_bot id=8103083020 - 'stellartradingbottest'
2025-01-06 21:30:19,824 - DEBUG - Starting new HTTPS connection (1): horizon-testnet.stellar.org:443
2025-01-06 21:30:20,403 - DEBUG - https://horizon-testnet.stellar.org:443 "GET /accounts/GAMYT7VVHZPNQWLIYVTHA3QN2G5XZ3VGASJHREMZSCAPO26APWADKREC HTTP/1.1" 200 607
2025-01-06 21:30:21,179 - INFO - Update id=339622552 is handled. Duration 1356 ms by bot id=8103083020
2025-01-06 21:30:59,257 - INFO - Server signature verified successfully.
2025-01-06 21:30:59,258 - INFO - User signature verified successfully.
2025-01-06 21:30:59,645 - INFO - Update id=339622553 is handled. Duration 389 ms by bot id=8103083020
2025-01-06 21:32:07,722 - INFO - Update id=339622554 is handled. Duration 406 ms by bot id=8103083020
2025-01-06 21:32:25,474 - INFO - Update id=339622555 is handled. Duration 358 ms by bot id=8103083020
2025-01-06 21:32:47,800 - INFO - Update id=339622556 is handled. Duration 348 ms by bot id=8103083020
2025-01-06 21:35:16,067 - INFO - Polling stopped
2025-01-06 21:35:16,327 - INFO - Polling was cancelled.
2025-01-06 21:35:16,328 - INFO - Bot shutdown complete.
2025-01-06 21:35:16,330 - INFO - Polling stopped for bot @stellartradingbottest_bot id=8103083020 - 'stellartradingbottest'
2025-01-07 15:46:34,619 - DEBUG - Using proactor: IocpProactor
2025-01-07 15:46:34,632 - INFO - Bot is starting...
2025-01-07 15:46:35,216 - INFO - Start polling
2025-01-07 15:46:35,389 - INFO - Run polling for bot @stellartradingbottest_bot id=8103083020 - 'stellartradingbottest'
2025-01-07 15:51:29,670 - INFO - Update id=339622557 is handled. Duration 774 ms by bot id=8103083020
2025-01-07 15:51:52,129 - DEBUG - Starting new HTTPS connection (1): horizon-testnet.stellar.org:443
2025-01-07 15:51:52,670 - DEBUG - https://horizon-testnet.stellar.org:443 "GET /accounts/GAMYT7VVHZPNQWLIYVTHA3QN2G5XZ3VGASJHREMZSCAPO26APWADKREC HTTP/1.1" 200 607
2025-01-07 15:51:53,040 - ERROR - Error in /verify: 2 validation errors for SendPhoto
photo.is-instance[InputFile]
  Input should be an instance of InputFile [type=is_instance_of, input_value=<_io.BytesIO object at 0x0000020F9E4CF880>, input_type=BytesIO]
    For further information visit https://errors.pydantic.dev/2.10/v/is_instance_of
photo.str
  Input should be a valid string [type=string_type, input_value=<_io.BytesIO object at 0x0000020F9E4CF880>, input_type=BytesIO]
    For further information visit https://errors.pydantic.dev/2.10/v/string_type
2025-01-07 15:51:53,340 - INFO - Update id=339622558 is handled. Duration 1212 ms by bot id=8103083020
2025-01-07 15:56:32,224 - INFO - Polling stopped
2025-01-07 15:56:32,488 - INFO - Polling was cancelled.
2025-01-07 15:56:32,489 - INFO - Bot shutdown complete.
2025-01-07 15:56:32,491 - INFO - Polling stopped for bot @stellartradingbottest_bot id=8103083020 - 'stellartradingbottest'
2025-01-07 15:56:44,975 - DEBUG - Using proactor: IocpProactor
2025-01-07 15:56:44,977 - INFO - Bot is starting...
2025-01-07 15:56:45,636 - INFO - Start polling
2025-01-07 15:56:45,821 - INFO - Run polling for bot @stellartradingbottest_bot id=8103083020 - 'stellartradingbottest'
2025-01-07 15:57:00,680 - DEBUG - Starting new HTTPS connection (1): horizon-testnet.stellar.org:443
2025-01-07 15:57:01,261 - DEBUG - https://horizon-testnet.stellar.org:443 "GET /accounts/GAMYT7VVHZPNQWLIYVTHA3QN2G5XZ3VGASJHREMZSCAPO26APWADKREC HTTP/1.1" 200 607
2025-01-07 15:57:02,036 - ERROR - Error in /verify: Can't instantiate abstract class InputFile without an implementation for abstract method 'read'
2025-01-07 15:57:02,401 - INFO - Update id=339622559 is handled. Duration 1722 ms by bot id=8103083020
2025-01-07 15:59:12,427 - INFO - Polling stopped
2025-01-07 15:59:12,691 - INFO - Polling was cancelled.
2025-01-07 15:59:12,691 - INFO - Bot shutdown complete.
2025-01-07 15:59:12,692 - INFO - Polling stopped for bot @stellartradingbottest_bot id=8103083020 - 'stellartradingbottest'
2025-01-07 15:59:21,056 - DEBUG - Using proactor: IocpProactor
2025-01-07 15:59:21,058 - INFO - Bot is starting...
2025-01-07 15:59:21,691 - INFO - Start polling
2025-01-07 15:59:21,867 - INFO - Run polling for bot @stellartradingbottest_bot id=8103083020 - 'stellartradingbottest'
2025-01-07 15:59:33,297 - DEBUG - Starting new HTTPS connection (1): horizon-testnet.stellar.org:443
2025-01-07 15:59:33,815 - DEBUG - https://horizon-testnet.stellar.org:443 "GET /accounts/GAMYT7VVHZPNQWLIYVTHA3QN2G5XZ3VGASJHREMZSCAPO26APWADKREC HTTP/1.1" 200 607
2025-01-07 15:59:34,586 - ERROR - Error in /verify: HTTP Client says - ClientConnectionError: Failed to send bytes into the underlying connection Connection<ConnectionKey(host='api.telegram.org', port=443, is_ssl=True, ssl=True, proxy=None, proxy_auth=None, proxy_headers_hash=None)>
2025-01-07 15:59:35,348 - INFO - Update id=339622560 is handled. Duration 2052 ms by bot id=8103083020
2025-01-07 16:19:25,102 - ERROR - Failed to fetch updates - TelegramNetworkError: HTTP Client says - Request timeout error
2025-01-07 16:19:25,141 - WARNING - Sleep for 1.000000 seconds and try again... (tryings = 0, bot id = 8103083020)
2025-01-07 16:19:36,871 - INFO - Connection established (tryings = 1, bot id = 8103083020)
2025-01-07 18:39:43,883 - ERROR - Failed to fetch updates - TelegramNetworkError: HTTP Client says - Request timeout error
2025-01-07 18:39:43,891 - WARNING - Sleep for 1.000000 seconds and try again... (tryings = 0, bot id = 8103083020)
2025-01-07 18:39:55,694 - INFO - Connection established (tryings = 1, bot id = 8103083020)
2025-01-07 19:01:28,844 - INFO - Polling stopped
2025-01-07 19:01:29,113 - INFO - Polling was cancelled.
2025-01-07 19:01:29,115 - INFO - Bot shutdown complete.
2025-01-07 19:01:29,120 - INFO - Polling stopped for bot @stellartradingbottest_bot id=8103083020 - 'stellartradingbottest'
2025-01-07 19:01:45,416 - DEBUG - Using proactor: IocpProactor
2025-01-07 19:01:45,418 - INFO - Bot is starting...
2025-01-07 19:01:46,121 - INFO - Start polling
2025-01-07 19:01:46,435 - INFO - Run polling for bot @stellartradingbottest_bot id=8103083020 - 'stellartradingbottest'
2025-01-07 19:02:10,252 - DEBUG - Starting new HTTPS connection (1): horizon-testnet.stellar.org:443
2025-01-07 19:02:10,810 - DEBUG - https://horizon-testnet.stellar.org:443 "GET /accounts/GAMYT7VVHZPNQWLIYVTHA3QN2G5XZ3VGASJHREMZSCAPO26APWADKREC HTTP/1.1" 200 607
2025-01-07 19:02:11,666 - ERROR - Error in /verify: HTTP Client says - ClientConnectionError: Failed to send bytes into the underlying connection Connection<ConnectionKey(host='api.telegram.org', port=443, is_ssl=True, ssl=True, proxy=None, proxy_auth=None, proxy_headers_hash=None)>
2025-01-07 19:02:12,423 - INFO - Update id=339622561 is handled. Duration 2171 ms by bot id=8103083020
2025-01-07 19:51:10,559 - INFO - Polling stopped
2025-01-07 19:51:10,814 - INFO - Polling was cancelled.
2025-01-07 19:51:10,815 - INFO - Bot shutdown complete.
2025-01-07 19:51:10,815 - INFO - Polling stopped for bot @stellartradingbottest_bot id=8103083020 - 'stellartradingbottest'
2025-01-09 16:24:56,329 - DEBUG - Using proactor: IocpProactor
2025-01-09 16:24:56,330 - INFO - Bot is starting...
2025-01-09 16:24:57,048 - INFO - Start polling
2025-01-09 16:24:57,224 - INFO - Run polling for bot @stellartradingbottest_bot id=8103083020 - 'stellartradingbottest'
2025-01-09 16:25:43,444 - INFO - Generated WalletConnect v2 URI: wc:d587ae6d-d145-4503-a04e-1c3f2eed4d54@2?relay-protocol=irn&projectId=bfdee2a88917a9e26b82aef708214be7&requiredNamespaces=%7B%22stellar%22%3A%20%7B%22methods%22%3A%20%5B%22stellar_signTransaction%22%5D%2C%20%22chains%22%3A%20%5B%22stellar%3Apublic%22%5D%7D%7D
2025-01-09 16:25:44,488 - INFO - QR code sent successfully.
2025-01-09 16:25:44,489 - INFO - Update id=339622591 is handled. Duration 1045 ms by bot id=8103083020
2025-01-09 16:26:44,187 - INFO - Polling stopped
2025-01-09 16:26:44,450 - INFO - Polling was cancelled.
2025-01-09 16:26:44,451 - INFO - Bot shutdown complete.
2025-01-09 16:26:44,453 - INFO - Polling stopped for bot @stellartradingbottest_bot id=8103083020 - 'stellartradingbottest'
2025-01-09 17:04:44,963 - DEBUG - Using proactor: IocpProactor
2025-01-09 17:04:44,964 - INFO - Bot is starting...
2025-01-09 17:04:45,529 - INFO - Start polling
2025-01-09 17:04:45,706 - INFO - Run polling for bot @stellartradingbottest_bot id=8103083020 - 'stellartradingbottest'
2025-01-09 17:05:14,168 - INFO - Generated WalletConnect v2 URI: wc:dde4ec58-5653-44a3-829e-a6d8b1d33d4b@2?relay-protocol=irn&projectId=bfdee2a88917a9e26b82aef708214be7&apiKey=c0a1c1e4-83db-4d0a-9322-483fa104f3ec&requiredNamespaces=%7B%22stellar%22%3A%20%7B%22methods%22%3A%20%5B%22stellar_signTransaction%22%5D%2C%20%22chains%22%3A%20%5B%22stellar%3Apublic%22%5D%7D%7D
2025-01-09 17:05:14,621 - WARNING - Attempt 1 to send media failed: HTTP Client says - ClientConnectionError: Failed to send bytes into the underlying connection Connection<ConnectionKey(host='api.telegram.org', port=443, is_ssl=True, ssl=True, proxy=None, proxy_auth=None, proxy_headers_hash=None)>
2025-01-09 17:05:16,980 - WARNING - Attempt 2 to send media failed: HTTP Client says - ClientConnectionError: Failed to send bytes into the underlying connection Connection<ConnectionKey(host='api.telegram.org', port=443, is_ssl=True, ssl=True, proxy=None, proxy_auth=None, proxy_headers_hash=None)>
2025-01-09 17:05:19,427 - WARNING - Attempt 3 to send media failed: HTTP Client says - ClientConnectionError: Failed to send bytes into the underlying connection Connection<ConnectionKey(host='api.telegram.org', port=443, is_ssl=True, ssl=True, proxy=None, proxy_auth=None, proxy_headers_hash=None)>
2025-01-09 17:05:19,429 - ERROR - Failed to send QR code after multiple attempts.
2025-01-09 17:05:20,199 - INFO - Update id=339622592 is handled. Duration 6031 ms by bot id=8103083020
2025-01-09 17:05:36,576 - INFO - Polling stopped
2025-01-09 17:05:36,828 - INFO - Polling was cancelled.
2025-01-09 17:05:36,828 - INFO - Bot shutdown complete.
2025-01-09 17:05:36,828 - INFO - Polling stopped for bot @stellartradingbottest_bot id=8103083020 - 'stellartradingbottest'
2025-01-09 17:14:12,470 - DEBUG - Using proactor: IocpProactor
2025-01-09 17:14:12,471 - INFO - Bot is starting...
2025-01-09 17:14:13,066 - INFO - Start polling
2025-01-09 17:14:13,251 - INFO - Run polling for bot @stellartradingbottest_bot id=8103083020 - 'stellartradingbottest'
2025-01-09 17:14:27,436 - INFO - Generated WalletConnect v2 URI: wc:4d9c475c-ee1f-4bf6-acd4-490147fb7984@2?relay-protocol=irn&projectId=bfdee2a88917a9e26b82aef708214be7&requiredNamespaces=%7B%22stellar%22%3A%20%7B%22methods%22%3A%20%5B%22stellar_signTransaction%22%5D%2C%20%22chains%22%3A%20%5B%22stellar%3Apublic%22%5D%7D%7D
2025-01-09 17:14:27,487 - WARNING - Attempt 1 to send media failed: 2 validation errors for SendPhoto
photo.is-instance[InputFile]
  Input should be an instance of InputFile [type=is_instance_of, input_value=<_io.BufferedReader name='debug_qr_generated.png'>, input_type=BufferedReader]
    For further information visit https://errors.pydantic.dev/2.10/v/is_instance_of
photo.str
  Input should be a valid string [type=string_type, input_value=<_io.BufferedReader name='debug_qr_generated.png'>, input_type=BufferedReader]
    For further information visit https://errors.pydantic.dev/2.10/v/string_type
2025-01-09 17:14:29,498 - WARNING - Attempt 2 to send media failed: 2 validation errors for SendPhoto
photo.is-instance[InputFile]
  Input should be an instance of InputFile [type=is_instance_of, input_value=<_io.BufferedReader name='debug_qr_generated.png'>, input_type=BufferedReader]
    For further information visit https://errors.pydantic.dev/2.10/v/is_instance_of
photo.str
  Input should be a valid string [type=string_type, input_value=<_io.BufferedReader name='debug_qr_generated.png'>, input_type=BufferedReader]
    For further information visit https://errors.pydantic.dev/2.10/v/string_type
2025-01-09 17:14:31,512 - WARNING - Attempt 3 to send media failed: 2 validation errors for SendPhoto
photo.is-instance[InputFile]
  Input should be an instance of InputFile [type=is_instance_of, input_value=<_io.BufferedReader name='debug_qr_generated.png'>, input_type=BufferedReader]
    For further information visit https://errors.pydantic.dev/2.10/v/is_instance_of
photo.str
  Input should be a valid string [type=string_type, input_value=<_io.BufferedReader name='debug_qr_generated.png'>, input_type=BufferedReader]
    For further information visit https://errors.pydantic.dev/2.10/v/string_type
2025-01-09 17:14:31,514 - ERROR - Failed to send QR code after multiple attempts.
2025-01-09 17:14:32,206 - INFO - Update id=339622593 is handled. Duration 4771 ms by bot id=8103083020
2025-01-09 17:29:21,497 - ERROR - Failed to fetch updates - TelegramNetworkError: HTTP Client says - Request timeout error
2025-01-09 17:29:21,503 - WARNING - Sleep for 1.000000 seconds and try again... (tryings = 0, bot id = 8103083020)
2025-01-09 17:29:33,052 - INFO - Connection established (tryings = 1, bot id = 8103083020)
2025-01-09 17:29:46,681 - INFO - Polling stopped
2025-01-09 17:29:46,941 - INFO - Polling was cancelled.
2025-01-09 17:29:46,942 - INFO - Bot shutdown complete.
2025-01-09 17:29:46,944 - INFO - Polling stopped for bot @stellartradingbottest_bot id=8103083020 - 'stellartradingbottest'
2025-01-09 17:29:58,696 - DEBUG - Using proactor: IocpProactor
2025-01-09 17:29:58,698 - INFO - Bot is starting...
2025-01-09 17:29:59,362 - INFO - Start polling
2025-01-09 17:29:59,541 - INFO - Run polling for bot @stellartradingbottest_bot id=8103083020 - 'stellartradingbottest'
2025-01-09 17:30:08,815 - INFO - Generated WalletConnect v2 URI: wc:4f66d8fe-46f3-4127-ac94-903563ad835c@2?relay-protocol=irn&projectId=bfdee2a88917a9e26b82aef708214be7&requiredNamespaces=%7B%22stellar%22%3A%20%7B%22methods%22%3A%20%5B%22stellar_signTransaction%22%5D%2C%20%22chains%22%3A%20%5B%22stellar%3Apublic%22%5D%7D%7D
2025-01-09 17:30:09,871 - INFO - QR code sent successfully.
2025-01-09 17:30:09,871 - INFO - Update id=339622594 is handled. Duration 1056 ms by bot id=8103083020
2025-01-09 17:31:14,086 - INFO - Polling stopped
2025-01-09 17:31:14,354 - INFO - Polling was cancelled.
2025-01-09 17:31:14,355 - INFO - Bot shutdown complete.
2025-01-09 17:31:14,357 - INFO - Polling stopped for bot @stellartradingbottest_bot id=8103083020 - 'stellartradingbottest'
2025-01-09 17:34:19,712 - DEBUG - Using proactor: IocpProactor
2025-01-09 17:34:19,713 - INFO - Bot is starting...
2025-01-09 17:34:20,328 - INFO - Start polling
2025-01-09 17:34:20,507 - INFO - Run polling for bot @stellartradingbottest_bot id=8103083020 - 'stellartradingbottest'
2025-01-09 17:34:38,683 - INFO - Generated WalletConnect v2 URI: wc:31b1e651-1afd-4ff0-b8ad-48c68875c250@2?relay-protocol=irn&projectId=bfdee2a88917a9e26b82aef708214be7&apiKey=c0a1c1e4-83db-4d0a-9322-483fa104f3ec&requiredNamespaces=%7B%22stellar%22%3A%20%7B%22methods%22%3A%20%5B%22stellar_signTransaction%22%5D%2C%20%22chains%22%3A%20%5B%22stellar%3Apublic%22%5D%7D%7D
2025-01-09 17:34:39,707 - INFO - QR code sent successfully.
2025-01-09 17:34:39,708 - INFO - Update id=339622595 is handled. Duration 1025 ms by bot id=8103083020
2025-01-09 17:57:17,078 - ERROR - Failed to fetch updates - TelegramNetworkError: HTTP Client says - Request timeout error
2025-01-09 17:57:17,081 - WARNING - Sleep for 1.000000 seconds and try again... (tryings = 0, bot id = 8103083020)
2025-01-09 17:57:28,794 - INFO - Connection established (tryings = 1, bot id = 8103083020)
2025-01-09 17:58:30,155 - INFO - Polling stopped
2025-01-09 17:58:30,408 - INFO - Polling was cancelled.
2025-01-09 17:58:30,408 - INFO - Bot shutdown complete.
2025-01-09 17:58:30,409 - INFO - Polling stopped for bot @stellartradingbottest_bot id=8103083020 - 'stellartradingbottest'
2025-01-10 21:25:05,409 - DEBUG - Using proactor: IocpProactor
2025-01-10 21:25:05,412 - INFO - Bot is starting...
2025-01-10 21:25:06,050 - INFO - Start polling
2025-01-10 21:25:06,233 - INFO - Run polling for bot @stellartradingbottest_bot id=8103083020 - 'stellartradingbottest'
2025-01-10 21:25:46,951 - INFO - Fetching WalletConnect QR code from Node.js server.
2025-01-10 21:25:46,952 - DEBUG - Starting new HTTP connection (1): localhost:3000
2025-01-10 21:25:46,965 - DEBUG - http://localhost:3000 "GET /walletconnect-qr HTTP/1.1" 500 24
2025-01-10 21:25:46,967 - ERROR - Failed to fetch QR code: 500
2025-01-10 21:25:47,672 - INFO - Update id=339622597 is handled. Duration 721 ms by bot id=8103083020
2025-01-10 21:28:54,870 - INFO - Polling stopped
2025-01-10 21:28:55,122 - INFO - Polling was cancelled.
2025-01-10 21:28:55,123 - INFO - Bot shutdown complete.
2025-01-10 21:28:55,124 - INFO - Polling stopped for bot @stellartradingbottest_bot id=8103083020 - 'stellartradingbottest'
2025-01-11 20:56:46,931 - DEBUG - Using proactor: IocpProactor
2025-01-11 20:56:46,935 - INFO - Bot is starting...
2025-01-11 20:56:47,659 - INFO - Start polling
2025-01-11 20:56:47,864 - INFO - Run polling for bot @stellartradingbottest_bot id=8103083020 - 'stellartradingbottest'
2025-01-11 20:57:17,313 - INFO - Update id=339622598 is handled. Duration 837 ms by bot id=8103083020
2025-01-11 20:57:22,576 - DEBUG - Starting new HTTP connection (1): localhost:3000
2025-01-11 20:57:27,083 - INFO - Update id=339622599 is handled. Duration 4509 ms by bot id=8103083020
2025-01-11 21:02:37,345 - DEBUG - Starting new HTTP connection (1): localhost:3000
2025-01-11 21:02:38,961 - DEBUG - http://localhost:3000 "GET /connect-wallet HTTP/1.1" 200 5603
2025-01-11 21:02:39,399 - INFO - Update id=339622600 is handled. Duration 2056 ms by bot id=8103083020
2025-01-11 21:06:24,526 - INFO - Polling stopped
2025-01-11 21:06:24,781 - INFO - Polling was cancelled.
2025-01-11 21:06:24,783 - INFO - Bot shutdown complete.
2025-01-11 21:06:24,796 - INFO - Polling stopped for bot @stellartradingbottest_bot id=8103083020 - 'stellartradingbottest'
2025-01-11 21:11:17,681 - DEBUG - Using proactor: IocpProactor
2025-01-11 21:11:17,682 - INFO - Bot is starting...
2025-01-11 21:11:17,682 - ERROR - Error in main loop: Passing any additional keyword arguments to the registrar method is not supported.
This error may be caused when you are trying to register filters like in 2.x version of this framework, if it's true just look at correspoding documentation pages.
Please remove the {'commands'} arguments from this call.

(background on this error at: https://docs.aiogram.dev/en/dev-3.x/migration_2_to_3.html#filtering-events)
2025-01-11 21:11:17,683 - INFO - Bot shutdown complete.
